Flutter crash report; please file at https://github.com/flutter/flutter/issues.

## command

flutter build bundle --suppress-analytics --target /Users/jameswhite/Projects/flutter_old/HC/HarrierCentral/HarrierCentralMobile-Flutter/lib/main.dart --track-widget-creation --compilation-trace-file compilation.txt --target-platform android-arm64 --depfile /Users/jameswhite/Projects/flutter_old/HC/HarrierCentral/HarrierCentralMobile-Flutter/build/app/intermediates/flutter/debug/snapshot_blob.bin.d --asset-dir /Users/jameswhite/Projects/flutter_old/HC/HarrierCentral/HarrierCentralMobile-Flutter/build/app/intermediates/flutter/debug/flutter_assets --debug

## exception

FileSystemException: FileSystemException: Creation failed, path = '/Users/jameswhite/Projects/flutter_old/HC/HarrierCentral/HarrierCentralMobile-Flutter/build/app/intermediates/flutter/debug/flutter_assets' (OS Error: Invalid argument, errno = 22)

```
#0      _Directory.createSync (dart:io/directory_impl.dart:138:7)
#1      _Directory.createSync (dart:io/directory_impl.dart:133:16)
#2      _Directory.createSync (dart:io/directory_impl.dart:133:16)
#3      _LocalDirectory&LocalFileSystemEntity&ForwardingDirectory.createSync (package:file/src/forwarding/forwarding_directory.dart:22:16)
#4      writeBundle.<anonymous closure> (package:flutter_tools/src/bundle.dart:238:19)
<asynchronous suspension>
#5      MappedIterator.moveNext (dart:_internal/iterable.dart:392:18)
#6      Future.wait (dart:async/future.dart:393:26)
#7      writeBundle (package:flutter_tools/src/bundle.dart:235:16)
#8      _AsyncAwaitCompleter.start (dart:async-patch/async_patch.dart:49:6)
#9      writeBundle (package:flutter_tools/src/bundle.dart:227:25)
#10     assemble (package:flutter_tools/src/bundle.dart:223:9)
#11     _AsyncAwaitCompleter.start (dart:async-patch/async_patch.dart:49:6)
#12     assemble (package:flutter_tools/src/bundle.dart:191:22)
#13     build (package:flutter_tools/src/bundle.dart:156:9)
#14     _asyncThenWrapperHelper.<anonymous closure> (dart:async-patch/async_patch.dart:77:64)
#15     _rootRunUnary (dart:async/zone.dart:1132:38)
#16     _CustomZone.runUnary (dart:async/zone.dart:1029:19)
#17     _FutureListener.handleValue (dart:async/future_impl.dart:126:18)
#18     Future._propagateToListeners.handleValueCallback (dart:async/future_impl.dart:639:45)
#19     Future._propagateToListeners (dart:async/future_impl.dart:668:32)
#20     Future._complete (dart:async/future_impl.dart:473:7)
#21     _SyncCompleter.complete (dart:async/future_impl.dart:51:12)
#22     _AsyncAwaitCompleter.complete (dart:async-patch/async_patch.dart:28:18)
#23     _completeOnAsyncReturn (dart:async-patch/async_patch.dart:294:13)
#24     buildAssets (package:flutter_tools/src/bundle.dart)
#25     _asyncThenWrapperHelper.<anonymous closure> (dart:async-patch/async_patch.dart:77:64)
#26     _rootRunUnary (dart:async/zone.dart:1132:38)
#27     _CustomZone.runUnary (dart:async/zone.dart:1029:19)
#28     _FutureListener.handleValue (dart:async/future_impl.dart:126:18)
#29     Future._propagateToListeners.handleValueCallback (dart:async/future_impl.dart:639:45)
#30     Future._propagateToListeners (dart:async/future_impl.dart:668:32)
#31     Future._complete (dart:async/future_impl.dart:473:7)
#32     _SyncCompleter.complete (dart:async/future_impl.dart:51:12)
#33     _AsyncAwaitCompleter.complete (dart:async-patch/async_patch.dart:28:18)
#34     _completeOnAsyncReturn (dart:async-patch/async_patch.dart:294:13)
#35     _ManifestAssetBundle.build (package:flutter_tools/src/asset.dart)
#36     _asyncThenWrapperHelper.<anonymous closure> (dart:async-patch/async_patch.dart:77:64)
#37     _rootRunUnary (dart:async/zone.dart:1132:38)
#38     _CustomZone.runUnary (dart:async/zone.dart:1029:19)
#39     _FutureListener.handleValue (dart:async/future_impl.dart:126:18)
#40     Future._propagateToListeners.handleValueCallback (dart:async/future_impl.dart:639:45)
#41     Future._propagateToListeners (dart:async/future_impl.dart:668:32)
#42     Future._complete (dart:async/future_impl.dart:473:7)
#43     _SyncCompleter.complete (dart:async/future_impl.dart:51:12)
#44     _AsyncAwaitCompleter.complete (dart:async-patch/async_patch.dart:28:18)
#45     _completeOnAsyncReturn (dart:async-patch/async_patch.dart:294:13)
#46     _obtainLicenses (package:flutter_tools/src/asset.dart)
#47     _asyncThenWrapperHelper.<anonymous closure> (dart:async-patch/async_patch.dart:77:64)
#48     _rootRunUnary (dart:async/zone.dart:1132:38)
#49     _CustomZone.runUnary (dart:async/zone.dart:1029:19)
#50     _FutureListener.handleValue (dart:async/future_impl.dart:126:18)
#51     Future._propagateToListeners.handleValueCallback (dart:async/future_impl.dart:639:45)
#52     Future._propagateToListeners (dart:async/future_impl.dart:668:32)
#53     Future._completeWithValue (dart:async/future_impl.dart:483:5)
#54     Future._asyncComplete.<anonymous closure> (dart:async/future_impl.dart:513:7)
#55     _rootRun (dart:async/zone.dart:1124:13)
#56     _CustomZone.run (dart:async/zone.dart:1021:19)
#57     _CustomZone.bindCallback.<anonymous closure> (dart:async/zone.dart:947:23)
#58     _microtaskLoop (dart:async/schedule_microtask.dart:41:21)
#59     _startMicrotaskLoop (dart:async/schedule_microtask.dart:50:5)
#60     _runPendingImmediateCallback (dart:isolate-patch/isolate_patch.dart:115:13)
#61     _RawReceivePortImpl._handleMessage (dart:isolate-patch/isolate_patch.dart:172:5)
```

## flutter doctor

```
[✓] Flutter (Channel stable, v1.5.4-hotfix.2, on Mac OS X 10.14.5 18F132, locale en-US)
    • Flutter version 1.5.4-hotfix.2 at /Users/jameswhite/projects/flutter
    • Framework revision 7a4c33425d (6 weeks ago), 2019-04-29 11:05:24 -0700
    • Engine revision 52c7a1e849
    • Dart version 2.3.0 (build 2.3.0-dev.0.5 a1668566e5)

[✓] Android toolchain - develop for Android devices (Android SDK version 28.0.3)
    • Android SDK at /Users/jameswhite/Library/Android/sdk
    • Android NDK location not configured (optional; useful for native profiling support)
    • Platform android-28, build-tools 28.0.3
    • Java binary at: /Applications/Android Studio.app/Contents/jre/jdk/Contents/Home/bin/java
    • Java version OpenJDK Runtime Environment (build 1.8.0_152-release-1343-b01)
    • All Android licenses accepted.

[!] iOS toolchain - develop for iOS devices (Xcode 10.2.1)
    • Xcode at /Applications/Xcode.app/Contents/Developer
    • Xcode 10.2.1, Build version 10E1001
    • ios-deploy 2.0.0
    ✗ ios-deploy out of date (1.9.4 is required). To upgrade with Brew:
        brew upgrade ios-deploy
    • CocoaPods version 1.6.0

[✓] Android Studio (version 3.4)
    • Android Studio at /Applications/Android Studio.app/Contents
    • Flutter plugin version 36.0.1
    • Dart plugin version 183.6270
    • Java version OpenJDK Runtime Environment (build 1.8.0_152-release-1343-b01)

[✓] VS Code (version 1.31.1)
    • VS Code at /Applications/Visual Studio Code.app/Contents
    • Flutter extension version 2.25.1

[✓] Connected device (1 available)
    • Nokia 6 1 • PL2GAR9880705918 • android-arm64 • Android 9 (API 28)

! Doctor found issues in 1 category.
```
